// Jest Snapshot v1, https://goo.gl/fbAQLP

exports[`Test News component with \`react-test-renderer\` News should render without error 1`] = `
<div
  className="hacker-news-container"
>
  <span
    className="field-label"
  >
    Search:
  </span>
  <input
    className="field-text"
    onChange={[Function]}
    type="text"
    value=""
  />
</div>
`;
